// Jest Snapshot v1, https://goo.gl/fbAQLP

exports[`ImportExport component should match snapshot 1`] = `
<div
  className="loader-container d-flex justify-content-center align-items-center fade-in"
  data-testid="loader"
  id="loader"
  style={
    Object {
      "height": "280px",
    }
  }
>
  <div
    className="loader"
  />
</div>
`;
