// Jest Snapshot v1, https://goo.gl/fbAQLP

exports[`todo tabs should match snapshot 1`] = `
<section
  className="App__tabs mb-2"
  data-testid="tabs"
>
  <div
    className="hstack gap-1"
  >
    <div
      className="App__tabs__item"
      data-testid="add-todo"
      onClick={[Function]}
    >
      <svg
        aria-hidden="true"
        className="svg-inline--fa fa-plus "
        data-icon="plus"
        data-prefix="fas"
        focusable="false"
        role="img"
        style={Object {}}
        viewBox="0 0 448 512"
        xmlns="http://www.w3.org/2000/svg"
      >
        <path
          d="M240 80c0-17.7-14.3-32-32-32s-32 14.3-32 32V224H32c-17.7 0-32 14.3-32 32s14.3 32 32 32H176V432c0 17.7 14.3 32 32 32s32-14.3 32-32V288H384c17.7 0 32-14.3 32-32s-14.3-32-32-32H240V80z"
          fill="currentColor"
          style={Object {}}
        />
      </svg>
    </div>
    <div
      className="App__tabs__item App__tabs__item--inactive"
      data-testid="search-todos"
      onClick={[Function]}
    >
      <svg
        aria-hidden="true"
        className="svg-inline--fa fa-magnifying-glass "
        data-icon="magnifying-glass"
        data-prefix="fas"
        focusable="false"
        role="img"
        style={Object {}}
        viewBox="0 0 512 512"
        xmlns="http://www.w3.org/2000/svg"
      >
        <path
          d="M416 208c0 45.9-14.9 88.3-40 122.7L502.6 457.4c12.5 12.5 12.5 32.8 0 45.3s-32.8 12.5-45.3 0L330.7 376c-34.4 25.2-76.8 40-122.7 40C93.1 416 0 322.9 0 208S93.1 0 208 0S416 93.1 416 208zM208 352a144 144 0 1 0 0-288 144 144 0 1 0 0 288z"
          fill="currentColor"
          style={Object {}}
        />
      </svg>
    </div>
    <div
      className="App__tabs__item App__tabs__item--inactive"
      data-testid="filter-todos"
      onClick={[Function]}
    >
      <svg
        aria-hidden="true"
        className="svg-inline--fa fa-filter "
        data-icon="filter"
        data-prefix="fas"
        focusable="false"
        role="img"
        style={Object {}}
        viewBox="0 0 512 512"
        xmlns="http://www.w3.org/2000/svg"
      >
        <path
          d="M3.9 54.9C10.5 40.9 24.5 32 40 32H472c15.5 0 29.5 8.9 36.1 22.9s4.6 30.5-5.2 42.5L320 320.9V448c0 12.1-6.8 23.2-17.7 28.6s-23.8 4.3-33.5-3l-64-48c-8.1-6-12.8-15.5-12.8-25.6V320.9L9 97.3C-.7 85.4-2.8 68.8 3.9 54.9z"
          fill="currentColor"
          style={Object {}}
        />
      </svg>
    </div>
    <div
      className="App__tabs__item App__tabs__item--inactive"
      data-testid="import-export"
      onClick={[Function]}
    >
      <svg
        aria-hidden="true"
        className="svg-inline--fa fa-download "
        data-icon="download"
        data-prefix="fas"
        focusable="false"
        role="img"
        style={Object {}}
        viewBox="0 0 512 512"
        xmlns="http://www.w3.org/2000/svg"
      >
        <path
          d="M288 32c0-17.7-14.3-32-32-32s-32 14.3-32 32V274.7l-73.4-73.4c-12.5-12.5-32.8-12.5-45.3 0s-12.5 32.8 0 45.3l128 128c12.5 12.5 32.8 12.5 45.3 0l128-128c12.5-12.5 12.5-32.8 0-45.3s-32.8-12.5-45.3 0L288 274.7V32zM64 352c-35.3 0-64 28.7-64 64v32c0 35.3 28.7 64 64 64H448c35.3 0 64-28.7 64-64V416c0-35.3-28.7-64-64-64H346.5l-45.3 45.3c-25 25-65.5 25-90.5 0L165.5 352H64zm368 56a24 24 0 1 1 0 48 24 24 0 1 1 0-48z"
          fill="currentColor"
          style={Object {}}
        />
      </svg>
    </div>
  </div>
  <section
    className="App__tabs-content"
  >
    <div
      className="fade-in"
      data-testid="tab-content-add-todo"
    >
      <form
        className="todo-background p-1"
      >
        <div
          className="container-fluid"
        >
          <div
            className="row row-cols-sm-3 row-cols-1"
          >
            <div
              className="p-2 col-sm-5"
            >
              <input
                className="form-control form-control-sm"
                id="title"
                name="title"
                onChange={[Function]}
                placeholder="Enter title"
                type="text"
                value=""
              />
            </div>
            <div
              className="p-2 col-sm-5"
            >
              <input
                className="form-control form-control-sm"
                id="description"
                name="description"
                onChange={[Function]}
                placeholder="Enter description"
                type="text"
                value=""
              />
            </div>
            <div
              className="p-2 col-sm-2"
            >
              <button
                className="action-button btn btn-outline-secondary btn-sm"
                disabled={true}
                onClick={[Function]}
                type="button"
              >
                Add
              </button>
            </div>
          </div>
        </div>
      </form>
    </div>
  </section>
</section>
`;
