// Jest Snapshot v1, https://goo.gl/fbAQLP

exports[`ImportExport component should match snapshot 1`] = `
<section
  className="App__sorting d-flex flex-wrap"
>
  <div
    className="App__sorting__item"
    data-testid="title-sort-button-direction-none"
    onClick={[Function]}
  >
    <span>
      Title
    </span>
    <span
      className="App__sorting__item__icon"
    >
      <svg
        aria-hidden="true"
        className="svg-inline--fa fa-sort-up App__sorting__item__icon-up icon--inactive"
        data-icon="sort-up"
        data-prefix="fas"
        focusable="false"
        role="img"
        style={Object {}}
        viewBox="0 0 320 512"
        xmlns="http://www.w3.org/2000/svg"
      >
        <path
          d="M182.6 41.4c-12.5-12.5-32.8-12.5-45.3 0l-128 128c-9.2 9.2-11.9 22.9-6.9 34.9s16.6 19.8 29.6 19.8H288c12.9 0 24.6-7.8 29.6-19.8s2.2-25.7-6.9-34.9l-128-128z"
          fill="currentColor"
          style={Object {}}
        />
      </svg>
      <svg
        aria-hidden="true"
        className="svg-inline--fa fa-sort-down App__sorting__item__icon-down icon--inactive"
        data-icon="sort-down"
        data-prefix="fas"
        focusable="false"
        role="img"
        style={Object {}}
        viewBox="0 0 320 512"
        xmlns="http://www.w3.org/2000/svg"
      >
        <path
          d="M182.6 470.6c-12.5 12.5-32.8 12.5-45.3 0l-128-128c-9.2-9.2-11.9-22.9-6.9-34.9s16.6-19.8 29.6-19.8H288c12.9 0 24.6 7.8 29.6 19.8s2.2 25.7-6.9 34.9l-128 128z"
          fill="currentColor"
          style={Object {}}
        />
      </svg>
    </span>
  </div>
  <div
    className="App__sorting__item"
    data-testid="description-sort-button-direction-none"
    onClick={[Function]}
  >
    <span>
      Description
    </span>
    <span
      className="App__sorting__item__icon"
    >
      <svg
        aria-hidden="true"
        className="svg-inline--fa fa-sort-up App__sorting__item__icon-up icon--inactive"
        data-icon="sort-up"
        data-prefix="fas"
        focusable="false"
        role="img"
        style={Object {}}
        viewBox="0 0 320 512"
        xmlns="http://www.w3.org/2000/svg"
      >
        <path
          d="M182.6 41.4c-12.5-12.5-32.8-12.5-45.3 0l-128 128c-9.2 9.2-11.9 22.9-6.9 34.9s16.6 19.8 29.6 19.8H288c12.9 0 24.6-7.8 29.6-19.8s2.2-25.7-6.9-34.9l-128-128z"
          fill="currentColor"
          style={Object {}}
        />
      </svg>
      <svg
        aria-hidden="true"
        className="svg-inline--fa fa-sort-down App__sorting__item__icon-down icon--inactive"
        data-icon="sort-down"
        data-prefix="fas"
        focusable="false"
        role="img"
        style={Object {}}
        viewBox="0 0 320 512"
        xmlns="http://www.w3.org/2000/svg"
      >
        <path
          d="M182.6 470.6c-12.5 12.5-32.8 12.5-45.3 0l-128-128c-9.2-9.2-11.9-22.9-6.9-34.9s16.6-19.8 29.6-19.8H288c12.9 0 24.6 7.8 29.6 19.8s2.2 25.7-6.9 34.9l-128 128z"
          fill="currentColor"
          style={Object {}}
        />
      </svg>
    </span>
  </div>
  <div
    className="App__sorting__item App__sorting__item--active"
    data-testid="createdAt-sort-button-direction-asc"
    onClick={[Function]}
  >
    <span>
      Date
    </span>
    <span
      className="App__sorting__item__icon"
    >
      <svg
        aria-hidden="true"
        className="svg-inline--fa fa-sort-up App__sorting__item__icon-up"
        data-icon="sort-up"
        data-prefix="fas"
        focusable="false"
        role="img"
        style={Object {}}
        viewBox="0 0 320 512"
        xmlns="http://www.w3.org/2000/svg"
      >
        <path
          d="M182.6 41.4c-12.5-12.5-32.8-12.5-45.3 0l-128 128c-9.2 9.2-11.9 22.9-6.9 34.9s16.6 19.8 29.6 19.8H288c12.9 0 24.6-7.8 29.6-19.8s2.2-25.7-6.9-34.9l-128-128z"
          fill="currentColor"
          style={Object {}}
        />
      </svg>
      <svg
        aria-hidden="true"
        className="svg-inline--fa fa-sort-down App__sorting__item__icon-down icon--inactive"
        data-icon="sort-down"
        data-prefix="fas"
        focusable="false"
        role="img"
        style={Object {}}
        viewBox="0 0 320 512"
        xmlns="http://www.w3.org/2000/svg"
      >
        <path
          d="M182.6 470.6c-12.5 12.5-32.8 12.5-45.3 0l-128-128c-9.2-9.2-11.9-22.9-6.9-34.9s16.6-19.8 29.6-19.8H288c12.9 0 24.6 7.8 29.6 19.8s2.2 25.7-6.9 34.9l-128 128z"
          fill="currentColor"
          style={Object {}}
        />
      </svg>
    </span>
  </div>
  <div
    className="App__sorting__item"
    data-testid="completed-sort-button-direction-none"
    onClick={[Function]}
  >
    <span>
      Completed
    </span>
    <span
      className="App__sorting__item__icon"
    >
      <svg
        aria-hidden="true"
        className="svg-inline--fa fa-sort-up App__sorting__item__icon-up icon--inactive"
        data-icon="sort-up"
        data-prefix="fas"
        focusable="false"
        role="img"
        style={Object {}}
        viewBox="0 0 320 512"
        xmlns="http://www.w3.org/2000/svg"
      >
        <path
          d="M182.6 41.4c-12.5-12.5-32.8-12.5-45.3 0l-128 128c-9.2 9.2-11.9 22.9-6.9 34.9s16.6 19.8 29.6 19.8H288c12.9 0 24.6-7.8 29.6-19.8s2.2-25.7-6.9-34.9l-128-128z"
          fill="currentColor"
          style={Object {}}
        />
      </svg>
      <svg
        aria-hidden="true"
        className="svg-inline--fa fa-sort-down App__sorting__item__icon-down icon--inactive"
        data-icon="sort-down"
        data-prefix="fas"
        focusable="false"
        role="img"
        style={Object {}}
        viewBox="0 0 320 512"
        xmlns="http://www.w3.org/2000/svg"
      >
        <path
          d="M182.6 470.6c-12.5 12.5-32.8 12.5-45.3 0l-128-128c-9.2-9.2-11.9-22.9-6.9-34.9s16.6-19.8 29.6-19.8H288c12.9 0 24.6 7.8 29.6 19.8s2.2 25.7-6.9 34.9l-128 128z"
          fill="currentColor"
          style={Object {}}
        />
      </svg>
    </span>
  </div>
  <div
    className="App__sorting__item"
    data-testid="sortId-sort-button-direction-none"
    onClick={[Function]}
  >
    <span>
      Manual order
    </span>
  </div>
</section>
`;
