// Jest Snapshot v1, https://goo.gl/fbAQLP

exports[`todo item uncompleted match snapshot 1`] = `
<div
  className="App__todo-list__item"
>
  <div
    className="hstack gap-3"
  >
    <div>
      <div
        className="App__todo-list__item-title"
      >
        Task 1
      </div>
      <div
        className="App__todo-list__item-description"
      >
        <span>
          Description 1
        </span>
        <span>
           Fri May 05 2023 
        </span>
      </div>
    </div>
    <button
      className="ms-auto btn btn-outline-success btn-sm"
      disabled={false}
      onClick={[Function]}
      style={
        Object {
          "backgroundColor": "#F5F6F7",
          "borderRadius": "20px",
          "minWidth": "90px",
        }
      }
      type="button"
    >
      Complete
    </button>
    <button
      className="btn btn-outline-danger btn-sm"
      disabled={false}
      onClick={[Function]}
      style={
        Object {
          "backgroundColor": "#F5F6F7",
          "borderRadius": "20px",
          "minWidth": "90px",
        }
      }
      type="button"
    >
      Delete
    </button>
  </div>
</div>
`;
