// Jest Snapshot v1, https://goo.gl/fbAQLP

exports[`Pagination component should match snapshot 1`] = `
<div
  className="p-3 pt-2 pb-2 d-flex justify-content-sm-end justify-content-center col-sm-5"
>
  <ul
    className="d-flex align-items-center pagination pagination-sm"
  >
    <li
      className="page-item disabled"
    >
      <span
        className="page-link"
        onClick={[Function]}
      >
        <span
          aria-hidden="true"
        >
          «
        </span>
        <span
          className="visually-hidden"
        >
          First
        </span>
      </span>
    </li>
    <li
      className="page-item disabled"
    >
      <span
        className="page-link"
        onClick={[Function]}
      >
        <span
          aria-hidden="true"
        >
          ‹
        </span>
        <span
          className="visually-hidden"
        >
          Previous
        </span>
      </span>
    </li>
    <li
      className="page-item active"
    >
      <span
        className="page-link"
        onClick={[Function]}
      >
        1
        <span
          className="visually-hidden"
        >
          (current)
        </span>
      </span>
    </li>
    <li
      className="page-item"
    >
      <a
        className="page-link"
        href="#"
        onClick={[Function]}
        onKeyDown={[Function]}
        role="button"
        tabIndex={0}
      >
        2
      </a>
    </li>
    <li
      className="page-item"
    >
      <a
        className="page-link"
        href="#"
        onClick={[Function]}
        onKeyDown={[Function]}
        role="button"
        tabIndex={0}
      >
        3
      </a>
    </li>
    <li
      className="page-ellipsis page-item"
    >
      <a
        className="page-link"
        href="#"
        onClick={[Function]}
        onKeyDown={[Function]}
        role="button"
        tabIndex={0}
      >
        <span
          aria-hidden="true"
        >
          …
        </span>
        <span
          className="visually-hidden"
        >
          More
        </span>
      </a>
    </li>
    <li
      className="page-item"
    >
      <a
        className="page-link"
        href="#"
        onClick={[Function]}
        onKeyDown={[Function]}
        role="button"
        tabIndex={0}
      >
        <span
          aria-hidden="true"
        >
          ›
        </span>
        <span
          className="visually-hidden"
        >
          Next
        </span>
      </a>
    </li>
    <li
      className="page-item"
    >
      <a
        className="page-link"
        href="#"
        onClick={[Function]}
        onKeyDown={[Function]}
        role="button"
        tabIndex={0}
      >
        <span
          aria-hidden="true"
        >
          »
        </span>
        <span
          className="visually-hidden"
        >
          Last
        </span>
      </a>
    </li>
  </ul>
</div>
`;
