// Jest Snapshot v1, https://goo.gl/fbAQLP

exports[`Paging component should match snapshot 1`] = `
<section
  className="footer p-0 mt-2"
>
  <div
    className="container-fluid"
  >
    <div
      className="row row-cols-sm-3 row-cols-1"
    >
      <div
        className="p-3 pt-2 pb-2 d-flex justify-content-sm-start justify-content-center align-items-center col-sm-3"
      >
        Page 
        1
         of 
        2
      </div>
      <div
        className="p-3 pt-2 pb-2 col-sm-4"
      >
        <div
          className="justify-content-center hstack gap-2"
        >
          <div
            className="ms-sm-auto"
          >
            Page size:
             
          </div>
          <div
            className=""
          >
            <div
              className="dropdown"
            >
              <button
                aria-expanded={false}
                className="action-button dropdown-toggle btn btn-outline-secondary"
                data-testid="selected-size-option"
                disabled={false}
                id="dropdown-basic"
                onClick={[Function]}
                type="button"
              >
                 
                5
                 
              </button>
            </div>
          </div>
        </div>
      </div>
      <div
        className="p-3 pt-2 pb-2 d-flex justify-content-sm-end justify-content-center col-sm-5"
      >
        <ul
          className="d-flex align-items-center pagination pagination-sm"
        >
          <li
            className="page-item disabled"
          >
            <span
              className="page-link"
              data-testid="first-page"
              onClick={[Function]}
            >
              <span
                aria-hidden="true"
              >
                «
              </span>
              <span
                className="visually-hidden"
              >
                First
              </span>
            </span>
          </li>
          <li
            className="page-item disabled"
          >
            <span
              className="page-link"
              data-testid="prev-page"
              onClick={[Function]}
            >
              <span
                aria-hidden="true"
              >
                ‹
              </span>
              <span
                className="visually-hidden"
              >
                Previous
              </span>
            </span>
          </li>
          <li
            className="page-item active"
          >
            <span
              className="page-link"
              data-testid="page-1"
              onClick={[Function]}
            >
              1
              <span
                className="visually-hidden"
              >
                (current)
              </span>
            </span>
          </li>
          <li
            className="page-item"
          >
            <a
              className="page-link"
              data-testid="page-2"
              href="#"
              onClick={[Function]}
              onKeyDown={[Function]}
              role="button"
              tabIndex={0}
            >
              2
            </a>
          </li>
          <li
            className="page-item"
          >
            <a
              className="page-link"
              data-testid="next-page"
              href="#"
              onClick={[Function]}
              onKeyDown={[Function]}
              role="button"
              tabIndex={0}
            >
              <span
                aria-hidden="true"
              >
                ›
              </span>
              <span
                className="visually-hidden"
              >
                Next
              </span>
            </a>
          </li>
          <li
            className="page-item"
          >
            <a
              className="page-link"
              data-testid="last-page"
              href="#"
              onClick={[Function]}
              onKeyDown={[Function]}
              role="button"
              tabIndex={0}
            >
              <span
                aria-hidden="true"
              >
                »
              </span>
              <span
                className="visually-hidden"
              >
                Last
              </span>
            </a>
          </li>
        </ul>
      </div>
    </div>
  </div>
</section>
`;
